<h1>Beautiful &amp; Awesome Web Typography with “Richtypo”</h1>
<p>Welcome to the world of beautiful web typography — only with Richtypo. <abbr>OMG</abbr>, it's truly awesome, I take it <nobr>3-5</nobr> times a day.</p>
<pre>
# Here is my precious code, which should be left untouched
var text = "Awesome Web Typography with 'Richtypo'";
</pre>